#A
啊 A1
阿 A1
#阿典 A1DIAN3
#阿跌 A1DIE1
#阿克 A1KE4
#阿库 A1KU4
#阿喇 A1LA3
#阿剌 A1LA4
#阿赍 A1JI1
#阿离 A1LI2
#阿里 A1LI3
#阿力 A1LI4
#阿连 A1LIAN2
#阿溜 A1LIU1
#阿噜 A1LU1
#阿卢 A1LU2
#阿鲁 A1LU3
#阿仑 A1LUN2
#阿卡 A1KA3
#阿交 A1JIAO1
#阿杯 A1BEI1
#阿比 A1BI3
#阿毕 A1BI4
#阿补 A1BU3
#阿布 A1BU4
#阿波 A1BOU1
#阿卜 A1BU3
#阿不 A1BU4
#阿扯 A1CHE3
#阿成 A1CHENG2
#阿达 A1DA2
#阿答 A1DA2
#阿单 A1DAN1
#阿登 A1DENG1
#阿每 A1MEI3
#阿邱 A1QIU1
#阿西 A1XI1
#阿尔 A1ER3
#阿叔 A1SHU1
#阿苏 A1SU1
#阿速 A1SU4
#阿素 A1SU4
#阿威 A1WEI1
#阿悉 A1XI1
#阿蹊 A1XI1
#阿喜 A1XI3
#阿新 A1XIN1
#阿颐 A1YI2
#阿由 A1YOU2
#阿于 A1YU2
#阿者 A1ZHE3
#阿首 A1SHOU3
#阿石 A1SHI2
#阿洛 A1LUO4
#阿咪 A1MI1
#阿牟 A1MOU2
#阿木 A1MU4
#阿那 A1NA4
#阿培 A1PEI2
#阿沛 A1PEI4
#阿彭 A1PENG2
#阿匹 A1PI3
#阿蒲 A1PU2
#阿热 A1RE4
#阿舍 A1SHE4
#阿罗 A1LUO2
#阿支 A1ZHI1
#阿典 A1DIAN3
#阿跌 A1DIE1
#阿克 A1KE4
#阿库 A1KU4
#阿喇 A1LA3
#阿剌 A1LA4
#阿赍 A1JI1
#阿离 A1LI2
#阿里 A1LI3
#阿力 A1LI4
#阿连 A1LIAN2
#阿溜 A1LIU1
#阿噜 A1LU1
#阿卢 A1LU2
#阿鲁 A1LU3
#阿仑 A1LUN2
#阿卡 A1KA3
#阿交 A1JIAO1
#阿志 A1ZHI4
#阿仲 A1ZHONG4
#阿祖 A1ZU3
#阿织 A1ZHI1
#阿崙 A1LUN2
安 AN1
#安阳 AN1YANG2
#安温 AN1WEN1
#安迟 AN1CHI2
#安端 AN1DUAN1
#安佳 AN1JIA1
#安批 AN1PI1
#安其 AN1QI2
#安都 AN1DU1
#安国 AN1GUO2
#安金 AN1JIN1
#安居 AN1JU1
#安陵 AN1LING2
#安平 AN1PING2
#安期 AN1QI1
#安丘 AN1QIU1
#安邱 AN1QIU1
#安是 AN1SHI4
#安帐 AN1ZHANG4
艾 AI4
#艾斤 AI4JIN1
#艾岁 AI4SUI4
敖 AO2
#敖佳 AO2JIA1
#敖拉 AO2LĀ
#敖伦 AO2LUN2
#敖提 AO2TI2
#敖屯 AO2TUN2
#敖托 AO2TUOU1
昂 ANG2
#昂佳 ANG2JIA1
#昂日 ANG2RI4
奥 AO4
#奥里 AO4LI3
#奥敦 AO4DUN1
#奥济 AO4JI3
#奥鲁 AO4LU3
#奥屯 AO4TUN2
爱 AI4
#爱珲 AI4HUI1
#爱绅 AI4SHEN1
#爱义 AI4YI4
傲 AO4
熬 AO2
岸 AN4
枊 ANG4
哀 AI1
#哀骀 AI1TAI2
哎 AI1
埃 AI1
#埃塔 AI1TA3
凹 AO1
厂 AN1
霭 AI3
澳 AO4
按 AN4
庵 AN1
蔼 AI2
鞍 AN1
案 AN4
骜 AO4
鳌 AO2
浇 AO4
桉 AN1
唉 AI1
盎 ANG2
瑷 AI4
俺 AN3
敱 AI2
翺 AO2
谙 AN1
廒 AO2
菴 AN1
䍩 ANG3
胺 AN4
伌 AI4
闇 AN4
鼇 AO2
唵 AN3
壒 AI4
暧 AI4
犴 AN4
豻 AN4
暗 AN4
肮 ANG2
卬 ANG2
奡 AO4
毐 AI2
#B
白 BAI2
#白玛 BAI2MA3
#白马 MA3BAI2
包 BAO1
毕 BI4
鲍 BAO4
柏 BAI3
卜 BU3
边 BIAN1
卞 BIAN4
班 BAN1
巴 BA1
薄 BO2
贝 BEI4
宾 BIN1
贲 BEN1
步 BU4
邴 BING3
暴 BAO4
别 BIE2
伯 BO2
布 BU4
宝 BAO3
保 BAO3
百 BAI3
#百里 BAI3LI3
闭 BI4
薜 BI4
本 BEN3
拜 BAI4
波 BOU1
摆 BAI3
秘 BI4
博 BO2
补 BU3
北 BEI3
部 BU4
把 BA1
板 BAN3
八 BA1
比 BI3
冰 BING1
坂 BAN3
不 BIAO1
卑 BEI1
邦 BANG2
表 BIAO3
彪 BIAO1
崩 BENG1
滨 BIN1
兵 BING1
孛 BEI4
拨 BOU1
杓 BIAO1
帮 BANG2
捌 BA1
碧 BI4
拔 BA2
浜 BANG2
霸 BA4
办 BAN4
佈 BU4
彼 BI3
簿 BU4
阪 BAN3
斌 BIN1
扁 BIAN3
必 BI4
丙 BING3
蚌 BANG4
坝 BA4
标 BIAO1
奔 BEN1
斑 BAN1
半 BAN4
鮑 BAO4
苪 BING3
栢 BAI3
芭 BA1
補 BU3
佰 BAI3
泊 BO2
彬 BIN1
叭 BA1
便 BIAN4
扒 BA1
歩 BU4
炳 BING3
葆 BAO3
伴 BAN4
並 BING4
勃 BO2
秉 BING3
濱 BIN1
备 BEI4
豹 BAO4
汴 BIAN4
桮 BEI1
辈 BEI4
悲 BEI1
并 BING4
播 BOU1
变 BIAN4
倍 BEI4
棒 BANG4
弼 BI4
壁 BI4
笔 BI3
弁 BIAN4
渤 BO2
柄 BING3
蘖 BO4
亳 BO2
苞 BAO1
报 BAO4
杯 BEI1
甭 BENG2
玻 BOU1
鞭 BIAN1
杷 BA1
般 BAN1
背 BEI4
邠 BIN1
蓓 BEI4
榜 BANG3
饱 BAO3
瀑 BAO4
碑 BEI1
菠 BOU1
捕 BU3
辟 BI4
埔 BU3
仈 BA1
败 BAI4
傍 BANG4
雹 BAO2
抱 BAO4
邶 BEI4
庇 BI4
弊 BI4
币 BI4
遍 BIAN4
辨 BIAN4
辩 BIAN4
禀 BING3
钵 BOU1
搏 BO2
悖 BO2
哺 BU3
莾 BEN3
妣 BI3
槟 BIN1
剥 BOU1
祕 BI4
蔽 BI4
镖 BIAO1
幷 BING1
峇 BA1
茇 BA2
罢 BA4
#C
陈 CHEN2
曹 CAO2
蔡 CAI4
程 CHENG2
崔 CUI1
常 CHANG2
柴 CHAI2
成 CHENG2
查 CHA2
岑 CEN2
车 CHE1
褚 CHU3
丛 CONG2
迟 CHI2
池 CHI2
楚 CHU3
昌 CHANG2
储 CHU3
晁 CHAO2
初 CHU1
谌 CHEN2
束 CI4
充 CHONG1
从 CONG2
才 CAI2
巢 CHAO2
苍 CANG2
长 CHANG2
次 CI4
藏 CANG2
操 CAO1
畅 CHANG4
种 CHONG2
茶 CHA2
仓 CANG2
慈 CI2
朝 CHAO2
春 CHUN1
崇 CHONG2
寸 CUN4
承 CHENG2
淳 CHUN2
#淳于 CHUN2YU2
査 CHA2
村 CUN1
苌 CHANG2
措 CUO4
赤 CHI4
丑 CHOU3
产 CHAN3
单于 CHAN2YU2
揣 CHUAI3
川 CHUAN1
楮 CHU3
钏 CHUAN4
催 CUI1
晨 CHEN2
钞 CHAO1
财 CAI2
城 CHENG2
此 CI3
彩 CAI3
唱 CHANG4
冲 CHONG1
啜 CHUAI4
采 CAI3
镡 CHAN2
察 CHA2
草 CAO3
重 CHONG2
潮 CHAO2
出 CHU1
菜 CAI4
闯 CHUANG3
宠 CHONG3
瘳 CHOU1
炊 CHUI1
超 CHAO1
尘 CHEN2
侴 CHOU3
陳 CHEN2
翠 CUI4
禅 CHAN2
茌 CHI2
除 CHU2
呈 CHENG2
爨 CUAN4
蓸 CAO2
鉏 CHU2
串 CHUAN4
辰 CHEN2
称 CHENG1
持 CHI2
曺 CAO2
婵 CHAN2
叱 CHI4
尺 CHI3
缠 CHAN2
存 CUN2
蚩 CHI1
层 CENG2
策 CE4
船 CHUAN2
残 CAN2
错 CUO4
抄 CHAO1
测 CE4
昶 CHANG3
刺 CI4
吹 CHUI1
敕 CHI4
乘 CHENG2
沉 CHEN2
础 CHU3
醋 CU4
祡 CHAI2
兹 CI2
臣 CHEN2
诚 CHENG2
场 CHANG2
吃 CHI1
处 CHU3
傳 CHUAN2
创 CHUANG4
雏 CHU2
聪 CONG1
澄 CHENG2
搓 CUOU1
椿 CHUN1
耻 CHI3
差 CHA1
灿 CAN4
促 CU4
驰 CHI2
沖 CHONG1
長 CHANG2
槽 CAO2
椎 CHUI2
澈 CHE4
床 CHUANG2
車 CHE1
衬 CHEN4
茨 CI2
秤 CHENG4
粗 CU1
撤 CHE4
戳 CHUOU1
弛 CHI2
撮 CUOU1
趁 CHEN4
阐 CHAN3
拆 CHAI1
纯 CHUN2
橙 CHENG2
塍 CHENG2
擦 CA1
璨 CAN4
菖 CHANG2
尝 CHANG2
郴 CHEN1
#D
邓 DENG4
董 DONG3
杜 DU4
丁 DING1
段 DUAN4
戴 DAI4
窦 DOU4
党 DANG3
刁 DIAO1
代 DAI4
狄 DI2
都 DU1
东 DONG1
#东方 DONG1FANG2
#东郭 DONG1GUOU1
#东门 DONG1MEN2
#东野 DONG1YE3
达 DA2
邸 DI3
堵 DU3
豆 DOU4
刀 DAO1
但 DAN4
多 DUOU1
待 DAI4
旦 DAN4
德 DE2
大 DA4
顿 DUN4
端 DUAN1
#端木 DUAN1MU4
道 DAO4
笪 DA2
淡 DAN4
丹 DAN1
底 DI3
冬 DONG1
斗 DOU3
朵 DUO3
当 DANG2
敦 DUN1
逮 DAI4
定 DING4
登 DENG1
地 DI4
迪 DI2
独 DU2
#独孤 DU2GU1
夺 DUO2
的 DI4
答 DA2
岛 DAO3
渡 DU4
得 DE2
第 DI4
#第五 DI4WU3
稻 DAO4
典 DIAN3
懂 DONG3
佃 DIAN4
岱 DAI4
囤 DUN4
迭 DIE2
苳 DONG1
电 DIAN4
打 DA3
度 DU4
蕫 DONG3
顶 DING3
奠 DIAN4
黛 DAI4
栋 DONG4
歹 DAI3
弟 DI4
冻 DONG4
等 DENG3
帝 DI4
兑 DUI4
荻 DI2
对 DUI4
洞 DONG4
灯 DENG1
堤 DI1
铎 DUO2
贷 DAI4
敌 DI2
嶋 DAO3
堆 DUI1
殿 DIAN4
鄧 DENG4
荡 DANG4
陡 DOU3
苖 DI2
郸 DAN1
棣 DI4
带 DAI4
雕 DIAO1
耑 DUAN1
督 DU1
读 DU2
笃 DU3
牒 DIE2
档 DANG4
東 DONG1
胆 DAN3
徳 DE2
滇 DIAN1
蒂 DI4
锻 DUAN4
短 DUAN3
担 DAN1
傣 DAI3
队 DUI4
断 DUAN4
砀 DANG4
点 DIAN3
侗 DONG4
堕 DUO4
递 DI4
丼 DAN3
甸 DIAN4
肚 DU4
掇 DUOU1
呆 DAI1
动 DONG4
惰 DUO4
笛 DI2
鼎 DING3
逗 DOU4
搭 DA1
到 DAO4
钓 DIAO4
吨 DUN1
耽 DAN1
低 DI1
朶 DUO3
袋 DAI4
导 DAO3
涤 DI2
店 DIAN4
垫 DIAN4
谛 DI4
抵 DI3
儋 DAN1
氐 DI1
仃 DING1
墩 DUN1
妲 DA2
刟 DIAO1
琱 DIAO1
盾 DUN4
荅 DA2
凳 DENG4
娣 DI4
钿 DIAN4
貂 DIAO1
吊 DIAO4
兜 DOU1
渎 DOU4
碓 DUI4
#E
鄂 E4
#鄂卓 E4ZHUOU1
#鄂岳 E4YUE4
#鄂屯 E4TUN2
#鄂同 E4TONG2
#鄂通 E4TONG1
#鄂秦 E4QIN2
#鄂纳 E4NA4
#鄂托 E4TUOU1
#鄂诺 E4NUO4
#鄂囉 E4LUO2
#鄂济 E4JI4
#鄂拉 E4LA1
#鄂嫩 E4NEN4
俄 E2
#俄来 E2LAI2
#俄日 E2RI4
#俄琪 E2QI2
#俄尼 E2NI2
#俄嫩 E2NEN4
#俄木 E2MU4
#俄牟 E2MU4
#俄莫 E2MO4
#俄觉 E2JUE2
#俄托 E2TUOU1
#俄延 E2YAN2
额 E2
#额色 E2SE4
#额珠 E2ZHU1
#额哲 E2ZHE2
#额伊 E2YI1
#额托 E2TUOU1
#额鲁 E2LU3
#额卜 E2BU3
二 ER4
恩 EN1
#恩昆 EN1KUN1
#恩扎 EN1ZHA2
尔 ER3
#尔绵 ER3MIAN2
#尔朱 ER3ZHU1
而 ER2
儿 ER2
耳 ER2
娥 E2
#娥陵 E2LING2
児 ER2
哦 E2
峎 EN3
饿 E4
峨 E2
#峨尔 E2ER3
婀 E1
厄 E4
恶 E4
讹 E2
鹗 E4
鹅 E2
#鹅尼 E2NI2
噩 E4
谔 E4
贰 ER4
鳄 E4
㜨 ER2
咢 E4
陑 ER2
呝 E4
吪 E2
扼 E4
阨 E4
弍 ER4
駬 ER3
莪 E2
屙 E1
腭 E4
㷈 E4
愕 E4
㔩 E4
鈋 E2
崿 E4
堨 E4
轭 E4
垩 E4
妸 E1
#妸荷 E1HE2
萼 E4
娿 E1
迩 ER3
尒 ER3
珥 ER3
洱 ER3
耏 ER2
#耏门 ER2MEN2
锷 E4
阏 E4
#阏胡 E4HU2
蛾 E2
佮 E2
鵞 E2
姶 E4
遏 E4
#遏捻 E4NIAN3
#遏罗 E4LUO2
嶭 E4
阿难 E1NAN2
阿郎 E1LANG2
阿刺 E1CI4
#F
冯 FENG2
范 FAN4
付 FU4
方 FANG2
傅 FU4
樊 FAN2
符 FU2
房 FANG2
费 FEI4
封 FENG1
丰 FENG1
伏 FU2
富 FU4
凤 FENG4
酆 FENG1
宓 FU2
凡 FAN2
扶 FU2
法 FA3
藩 FAN1
奉 FENG4
俸 FENG4
福 FU2
甫 FU3
蜂 FENG1
番 FAN1
逢 FENG2
飞 FEI1
浮 FU2
风 FENG1
府 FU3
芳 FANG2
洑 FU2
斐 FEI3
放 FANG4
负 FU4
饭 FAN4
附 FU4
非 FEI1
佛 FO2
发 FA1
辅 FU3
弗 FU2
苻 FU2
枫 FENG1
服 FU2
峰 FENG1
夫 FU2
菲 FEI3
阜 FU4
复 FU4
梵 FAN4
沣 FENG1
冨 FU4
防 FANG2
繁 FAN2
抚 FU3
纺 FANG3
肥 FEI2
坟 FEN2
峯 FENG1
副 FU4
芙 FU1
赴 FU4
巷 FOU2
锋 FENG1
燓 FEN2
釜 FU3
翻 FAN1
缶 FOU3
笵 FAN4
飯 FAN4
邡 FANG2
芬 FEN1
剻 FOU3
燔 FAN2
反 FAN3
粉 FEN3
幅 FU2
斧 FU3
分 FEN1
坊 FANG2
拂 FU2
妇 FU4
蕃 FAN1
扉 FEI1
孚 FU2
阀 FA2
罚 FA2
焚 FEN2
汾 FEN2
敷 FU1
枋 FANG2
蜚 FEI1
芾 FEI4
虑 FU2
榑 FU2
缚 FU4
鄷 FENG1
烽 FENG1
仿 FANG3
妃 FEI1
伐 FA2
璠 FAN1
奜 FEI1
棼 FEN2
奋 FEN4
涪 FU2
蘩 FAN2
返 FAN3
绯 FEI1
匐 FU2
俯 FU3
脯 FU3
赋 FU4
覆 FU4
贩 FAN4
飌 FENG1
怫 FEI4
棐 FEI1
猆 FEI1
烦 FAN2
蝮 FU4
腹 FU4
鲋 FU4
呒 FU3
父 FU3
鬴 FU3
澓 FU2
咈 FU2
吩 FEN1
桴 FU2
刜 FU2
阝 FU3
凢 FAN2
俌 FU3
俛 FU3
匪 FEI3
虙 FU2
䋣 FAN2
䕁 FEI3
辐 FU2
讽 FENG3
拊 FU3
罘 FU2
黻 FU2
绂 FU2
访 FANG3
纷 FEN1
昐 FEN1
肺 FEI4
䍨 FEI4
淝 FEI2
昉 FANG3
鲂 FANG2
泛 FAN4
汎 FAN4
氾 FAN2
伕 FU1
蠭 FENG1
#G
郭 GUOU1
高 GAO1
顾 GU4
龚 GONG1
关 GUAN1
葛 GE3
耿 GENG3
管 GUAN3
甘 GAN1
谷 GU3
#谷梁 GU3LIANG2
宫 GONG1
古 GU3
桂 GUI4
巩 GONG3
苟 GOU3
干 GAN1
盖 GAI4
国 GUO2
官 GUAN1
郜 GAO4
公 GONG1
#公孙 GONG1SUN1
#公冶 GONG1YE3
#公羊 GONG1YANG2
#公西 GONG1XI1
#公良 GONG1LIANG2
戈 GE1
贡 GONG4
弓 GONG1
广 GUANG3
勾 GOU1
辜 GU1
格 GE2
庚 GENG1
过 GUOU1
果 GUO3
嘎 GA1
尕 GA1
刚 GANG2
缑 GOU1
光 GUANG2
更 GENG1
归 GUI1
贵 GUI4
淦 GAN4
呙 GE1
虢 GUO2
个 GE4
杲 GAO3
根 GEN1
芶 GOU3
皋 GAO1
贯 GUAN4
冮 GANG2
革 GE2
冈 GANG2
句 GOU1
钢 GANG2
拱 GONG3
冠 GUAN1
滚 GUN3
工 GONG1
供 GONG1
各 GE4
岗 GANG2
哏 GEN2
髙 GAO1
閤 GE2
共 GONG1
岡 GANG2
改 GAI3
股 GU3
观 GUAN1
鬲 GE2
给 GEI3
恭 GONG1
雇 GU4
鼓 GU3
阁 GE2
固 GU4
锅 GUOU1
垢 GOU4
构 GOU4
沟 GOU1
歌 GE1
噶 GA2
姑 GU1
刮 GUA1
笱 GOU3
龟 GUI1
宮 GONG1
皈 GUI1
棍 GUN4
瓜 GUA1
関 GUAN1
镐 GAO3
哥 GE1
艮 GEN4
纲 GANG2
功 GONG1
廣 GUANG3
敢 GAN3
港 GANG3
昋 GUI4
故 GU4
咼 GUOU1
溝 GOU1
洼 GUI1
嘠 GA1
挂 GUA4
攻 GONG1
鬼 GUI3
佫 GE4
跟 GEN1
灌 GUAN4
閣 GE2
罡 GANG2
糕 GAO1
估 GU1
雊 GOU4
広 GUANG3
菇 GU1
馆 GUAN3
告 GAO4
傀 GUI1
衮 GUN3
够 GOU4
规 GUI1
杠 GANG4
耕 GENG1
卦 GUA4
菰 GU1
杆 GAN1
赶 GAN3
圭 GUI1
赓 GENG1
涡 GUOU1
丐 GAI4
狗 GOU3
缸 GANG2
莞 GUAN1
割 GE1
凎 GAN4
稿 GAO3
汞 GONG3
孤 GU1
竿 GAN1
感 GAN3
赣 GAN4
炅 GUI4
睾 GAO1
旮 GA1
亘 GEN4
僱 GU4
羔 GAO1
妫 GUI1
瑰 GUI1
闺 GUI1
晷 GUI3
#H
黄 HUANG2
胡 HU2
何 HE2
韩 HAN2
侯 HOU2
贺 HE4
郝 HAO3
洪 HONG2
霍 HUO4
华 HUA4
候 HOU4
惠 HUI4
杭 HANG2
和 HE2
花 HUA1
赫 HE4
#赫连 HE4LIAN2
宦 HUAN4
扈 HU4
滑 HUA2
弘 HONG2
怀 HUAI2
红 HONG2
后 HOU4
衡 HENG2
桓 HUAN2
呼 HU1
#呼延 HU1YAN2
哈 HA1
湖 HU2
海 HAI3
户 HU4
黑 HEI1
郈 HOU4
虎 HU3
郇 HUAN2
化 HUA4
回 HUI2
皇 HUANG2
#皇甫 HUANG2FU3
完 HUAN2
火 HUO3
行 HANG2
汉 HAN4
河 HE2
蒿 HAO1
浩 HAO4
环 HUAN2
厚 HOU4
宏 HONG2
槐 HUAI2
黃 HUANG2
辉 HUI1
合 HE2
昊 HAO4
还 HUAN2
慧 HUI4
淮 HUAI2
恒 HENG2
寒 HAN2
喊 HAN3
忽 HU1
撖 HAN4
奂 HUAN4
罕 HAN3
横 HENG2
会 HUI4
好 HAO4
荒 HUANG2
浣 HUAN4
荷 HE2
浑 HUN2
禾 HE2
鸿 HONG2
亨 HENG1
晃 HUANG3
矦 HOU2
航 HANG2
豪 HAO2
憨 HAN1
瑚 HU2
伙 HUO3
狐 HU2
斛 HU2
鹤 HE4
画 HUA4
欢 HUAN1
翰 HAN4
灰 HUI1
号 HAO4
汇 HUI4
翚 HUI1
後 HOU4
阍 HUN1
豁 HUOU1
恵 HUI4
货 HUO4
虹 HONG2
韓 HAN2
轷 HU1
混 HUN2
含 HAN2
换 HUAN4
黒 HEI1
耗 HAO4
汗 HAN4
皓 HAO4
很 HEN3
烘 HONG1
橄 HAN3
夯 HANG2
焕 HUAN4
琥 HU3
蕙 HUI4
邯 HAN2
害 HAI4
毫 HAO2
猴 HOU2
郃 HE2
闬 HAN4
护 HU4
乎 HU1
核 HE2
沪 HU4
亥 HAI4
恢 HUI1
瀚 HAN4
获 HUO4
桦 HUA4
活 HUO2
划 HUA2
壶 HU2
挥 HUI1
钬 HUO3
褐 HE4
鍭 HOU2
葫 HU2
毁 HUI3
涵 HAN2
幻 HUAN4
捍 HAN4
泓 HONG2
珲 HUI1
徽 HUI1
诃 HE1
阖 HE2
煌 HUANG2
潢 HUANG2
璜 HUANG2
苄 HU3
绘 HUI4
卉 HUI4
函 HAN2
呵 HE1
曷 HE2
寰 HUAN2
晖 HUI1
祸 HUO4
恨 HEN4
互 HU4
#J
蒋 JIANG3
姜 JIANG2
金 JIN1
贾 JIA3
江 JIANG2
季 JI4
简 JIAN3
纪 JI3
焦 JIAO1
靳 JIN4
吉 JI2
#吉克 JI2KE4
#吉木 JI2MU4
强 JIANG4
姬 JI1
揭 JIE1
景 JING3
鞠 JU1
荆 JING1
井 JING1
计 JI4
冀 JI4
嵇 JI1
家 JIA1
晋 JIN4
汲 JI2
经 JING1
敬 JING4
郏 JIA2
居 JU1
蓟 JI4
暨 JI4
矫 JIAO3
加 JIA1
巨 JU4
籍 JI2
靖 JING4
琚 JU1
蹇 JIAN3
菅 JIAN1
建 JIAN4
集 JI2
戢 JI2
久 JIU3
甲 JIA3
将 JIANG2
静 JING4
颉 JIE2
降 JIANG4
及 JI2
嘉 JIA1
杰 JIE2
介 JIE4
监 JIAN4
具 JU4
接 JIE1
角 JIAO3
见 JIAN4
教 JIAO4
坚 JIAN1
九 JIU3
剧 JU4
酒 JIU3
缴 JIAO3
徼 JIAO3
隽 JUAN3
交 JIAO1
节 JIE2
翦 JIAN3
觉 JUE2
基 JI1
今 JIN1
佳 JIA1
菊 JU2
荚 JIA2
俊 JUN4
且 JU1
稽 JI1
鉴 JIAN4
俱 JU4
夹 JIA1
#夹谷 JIA1GU3
尖 JIAN1
雎 JU1
咎 JIU4
京 JING1
剑 JIAN4
竭 JIE2
结 JIE2
君 JUN1
荐 JIAN4
机 JI1
祭 JI4
剪 JIAN3
锦 JI3N
举 JU3
军 JUN1
渐 JIAN4
积 JI1
伽 JIA1
纠 JIU1
莒 JU3
娇 JIAO1
进 JIN4
晶 JING1
矍 JUE2
净 JING4
津 JIN1
继 JI4
蔣 JIANG3
间 JIAN1
玖 JIU3
竟 JING4
近 JIN4
娟 JUAN1
界 JIE4
几 JI1
荊 JING1
寄 JI4
际 JI4
藉 JI2
济 JI3
箭 JIAN4
矶 JI1
皆 JIE1
捷 JIE2
记 JI4
蔄 JIAN1
戒 JIE4
掲 JIE1
嵆 JI1
皎 JIAO3
榎 JIA3
健 JIAN4
楫 JI2
决 JUE2
磯 JI1
伋 JI2
绞 JIAO3
圈 JUAN4
兼 JIAN1
笈 JI2
郊 JIAO1
棘 JI2
驹 JU1
茍 JI4
臼 JIU4
叫 JIAO4
均 JUN1
橘 JU2
厥 JUE2
賈 JIA3
旧 JIU4
局 JU2
洁 JIE2
鹫 JIU4
婧 JING4
街 JIE1
借 JIE4
截 JIE2
#K
孔 KONG3
#孔当 KONG3DANG2
康 KANG2
柯 KE1
匡 KUANG2
寇 KOU4
邝 KUANG4
阚 KAN4
况 KUANG4
空 KONG1
#空侯 KONG1HOU2
夔 KUI2
隗 KUI2
蒯 KUAI3
亢 KANG4
旷 KUANG4
开 KAI1
克 KE4
#克哷 KE4LIE4
#克其 KE4QI2
#克惹 KE4RE3
#克音 KE4YIN1
#克因 KE4YIN1
库 KU4
#库姆 KU4MU3
#库门 KU4MEN2
#库汉 KU4HAN4
卡 KA3
可 KE3
#可地 KE3DI4
#可悉 KE3XI1
#可奚 KE3XI1
#可沓 KE3TA4
#可频 KE3PIN2
#可逻 KE3LUO2
#可黎 KE3LI2
凯 KAI3
考 KAO3
奎 KUI2
#奎苏 KUI2SU1
郐 KUAI4
科 KE1
苦 KU3
看 KAN4
堀 KU1
宽 KUAN1
魁 KUI2
肯 KEN3
客 KE4
蒉 KUAI3
口 KOU3
坎 KAN3
夸 KUA1
快 KUAI4
葵 KUI2
抗 KANG4
昆 KUN1
阔 KUO4
扣 KOU4
坤 KUN1
#坤奇 KUN1QI2
叩 KOU4
蔻 KOU4
喀 KA1
堪 KAN1
宼 KOU4
轲 KE1
勘 KAN1
矿 KUANG4
坑 KENG1
枯 KU1
课 KE4
靠 KAO4
伉 KANG4
冦 KOU4
哭 KU1
桧 KUAI4
逵 KUI2
晆 KUI2
廓 KUO4
闞 KAN4
窠 KE1
砍 KAN3
侃 KAN3
苛 KE1
珂 KE1
垮 KUA3
炕 KANG4
贶 KUANG4
刻 KE4
楷 KAI3
框 KUANG2
狂 KUANG2
亏 KUI1
刊 KAN1
渴 KE3
#渴俟 KE3SI4
#渴烛 KE3ZHU2
#渴侯 KE3HOU2
#渴汉 KE3HAN4
#渴单 KE3DAN1
糠 KANG2
铿 KENG1
酷 KU4
筐 KUANG2
逊 KUN4
恺 KAI3
篑 KUI4
控 KONG4
括 KUO4
崑 KUN1
衎 KAN4
款 KUAN3
窥 KUI1
困 KUN4
琨 KUN1
扩 KUO4
巙 KUI2
睽 KUI2
揆 KUI2
#揆龙 KUI2LONG2
闚 KUI1
纩 KUANG4
姱 KUA4
侉 KUA3
阃 KUN3
堃 KUN1
崐 KUN1
裈 KUN1
轗 KAN3
邟 KANG4
疴 KE1
欵 KUAN3
髠 KUN1
敤 KE3
壸 KUN3
歀 KUAN3
濶 KUO4
髡 KUN1
㡓 KUN1
窟 KU1
彄 KOU1
恐 KONG3
涳 KONG1
㤩 KE4
恪 KE4
岢 KE3
鄡 KAO1
阬 KENG1
匮 KUAI3
溃 KUI4
锟 KUN1
餽 KUI4
暌 KUI2
鄈 KUI2
悝 KUI1
圹 KUANG4
璯 KUAI4
哙 KUAI4
侩 KUAI4
#L
李 LI3
刘 LIU2
#刘付 LIU2FU4
林 LIN2
罗 LUO2
梁 LIANG2
#梁丘 LIANG2QIU1
吕 LV3
卢 LU2
陆 LU4
廖 LIAO4
雷 LEI2
龙 LONG2
黎 LI2
赖 LAI4
骆 LAO4
鲁 LU3
柳 LIU3
蓝 LAN2
芦 LU2
兰 LAN2
路 LU4
凌 LING2
冷 LENG3
连 LIAN2
郎 LANG2
栾 LUAN2
娄 LOU2
栗 LI4
练 LIAN4
楼 LOU2
乐 LE4
劳 LAO2
蔺 LIN4
廉 LIAN2
厉 LI4
利 LI4
隆 LONG2
逯 LU4
来 LAI2
郦 LI4
鹿 LU4
禄 LU4
拉 LA1
历 LI4
雒 LUO4
良 LIANG2
伦 LUN2
里 LI3
洛 LUO4
粱 LIANG2
励 LI4
朗 LANG3
令 LING4
#令狐 LING2HU2
老 LAO3
勒 LEI1
闾 LV2
#闾丘 LV2QIU1
留 LIU2
律 LV4
吝 LIN4
力 LI4
丽 LI2
列 LIE4
喇 LA3
粮 LIANG2
立 LI4
类 LEI4
零 LING2
离 LI2
郞 LANG2
落 LUO4
六 LIU4
腊 LA4
理 LI3
礼 LI3
录 LU4
莲 LIAN2
稂 LANG2
浪 LANG4
荔 LI4
联 LIAN2
侣 LV3
流 LIU2
寥 LIAO2
漏 LOU4
铃 LING2
露 LU4
陇 LONG3
灵 LING2
莱 LAI2
领 LING3
亮 LIANG4
剌 LA4
率 LV4
论 LUN4
篮 LAN2
疗 LIAO2
聊 LIAO2
呂 LV3
玲 LING2
炼 LIAN4
岺 LING3
梨 LI2
蕾 LEI3
琳 LIN2
络 LUO4
陵 LING2
另 LING4
垄 LONG3
濑 LAI4
庐 LU2
绿 LV4
吏 LI4
旅 LV3
笠 LI4
楞 LENG2
莉 LI4
劉 LIU2
竜 LONG2
苓 LING2
陸 LU4
倮 LUO3
镰 LIAN2
拦 LAN2
泠 LING2
量 LIANG2
炉 LU2
泷 LONG2
临 LIN2
伶 LING2
辽 LIAO2
盧 LU2
劣 LIE4
岭 LING3
菱 LING2
滝 LONG2
寮 LIAO2
羅 LUO2
淩 LING2
萝 LUO2
蓼 LIAO3
赁 LIN4
累 LEI2
磊 LEI3
了 LIAO3
孪 LUAN2
懒 LAN3
岚 LAN2
賴 LAI4
滦 LUAN2
耒 LEI3
澜 LAN2
豊 LI3
朿 LA4
泸 LU2
瀧 LONG2
犁 LI2
鈴 LING2
#M
马 MA3
孟 MENG4
毛 MAO2
莫 MO4
麦 MAI4
苗 MIAO2
梅 MEI2
牟 MOU2
闵 MI3N
穆 MU4
蒙 MENG2
缪 MIAO4
米 MI3
茅 MAO2
满 MAN3
麻 MA2
明 MING2
慕 MU4
#慕容 MU4RONG2
门 MEN2
糜 MI2
木 MU4
牧 MU4
母 MU3
买 MAI3
茆 MAO2
么 MO2
冒 MAO4
沐 MU4
密 MI4
美 MEI3
卯 MAO3
玛 MA3
梦 MENG4
某 MOU3
敏 MI3N
磨 MO2
墨 MO4
弥 MI2
弭 MI3
繆 MIAO4
莽 MANG3
曼 MAN4
默 MO4
民 MIN2
咪 MI1
牡 MU3
妙 MIAO4
幕 MU4
勉 MIAN3
闽 MI3N
名 MING2
庙 MIAO4
妹 MEI4
枚 MEI2
芈 MI3
谬 MIU4
摩 MO2
祃 MA4
迈 MAI4
茂 MAO4
忙 MANG2
芒 MANG2
睦 MU4
貌 MAO4
姆 MU3
鸣 MING2
目 MU4
漫 MAN4
万俟 MO4QI2
貊 MO4
杩 MA4
闷 MEN4
末 MO4
峁 MAO3
们 MEN2
猫 MAO1
没 MEI2
贸 MAO4
邙 MANG2
馬 MA3
卖 MAI4
模 MO2
每 MEI3
咩 MI1
暮 MU4
猛 MENG3
矛 MAO2
绵 MIAN2
面 MIAN4
味 MEI4
勐 MENG3
妈 MA1
茉 MO4
麋 MI2
摸 MOU1
吗 MA
蜜 MI4
麥 MAI4
茫 MANG2
迷 MI2
劢 MAI4
昴 MAO3
糸 MI4
萌 MENG2
棉 MIAN2
靡 MI3
免 MIAN3
漠 MO4
铭 MING2
募 MU4
庬 MANG2
眉 MEI2
盟 MENG2
玫 MEI2
命 MING4
祢 MI2
缅 MIAN3
慢 MAN4
旻 MIN2
蔓 MAN4
墓 MU4
码 MA3
秒 MIAO3
茗 MING2
亩 MU3
骂 MA4
描 MIAO2
懋 MAO4
沫 MO4
陌 MO4
谟 MO2
楳 MEI2
膜 MO2
谋 MOU2
蛮 MAN2
蟒 MANG3
媚 MEI4
洣 MI3
眠 MIAN2
冕 MIAN3
淼 MIAO3
邈 MIAO3
灭 MIE4
秣 MO4
瞑 MING2
杪 MIAO3
珉 MIN2
苜 MU4
傌 MA4
泯 MI3N
觅 MI4
蔑 MIE4
冥 MING2
抹 MA1
蔴 MA2
埋 MAI2
佅 MAI4
樠 MAN2
瞒 MAN2
#N
倪 NI2
#倪属 NI2SHU3
牛 NIU2
#牛蟜 NIU2JIAO3
聂 NIE4
#聂米 NIE4MI3
宁 NING2
#宁玻 NING2BOU1
#宁佳 NING2JIA1
#宁姆 NING2MU3
农 NONG2
南 NAN2
#南宫 NAN2GONG1
#南门 NAN2MEN2
钮 NIU3
那 NA1
能 NAI4
乜 NIE4
佴 NAI4
尼 NI2
#尼玛 NI2MA3
#尼者 NI2ZHE3
#尼珠 NI2ZHU1
#尼沙 NI2SHA1
#尼南 NI2NAN2
#尼里 NI2LI3
#尼佳 NI2JIA1
年 NIAN2
娜 NA4
纳 NA4
念 NIAN4
努 NU3
#努噜 NU3LU1
赧 NAN3
甯 NING4
粘 NIAN2
#粘哥 NIAN2GE1
#粘割 NIAN2GE1
#粘合 NIAN2HE2
#粘葛 NIAN2GE3
侬 NONG2
#侬多 NONG2DUOU1
#侬商 NONG2SHANG2
乃 NAI3
娘 NIANG2
闹 NAO4
内 NEI4
诺 NUO4
#诺护 NUO4HU4
#诺罗 NUO4LUO2
#诺延 NUO4YAN2
泥 NI2
#泥孰 NI2SHU2
#泥中 NI2ZHONG1
铙 NAO2
妮 NI1
你 NI3
奈 NAI4
奴 NU2
#奴丹 NU2DAN1
楠 NAN2
曩 NANG3
纽 NIU3
#纽纽 NIU3NIU3
#纽赫 NIU3HE4
怒 NU4
拿 NA2
囊 NANG2
#囊知 NANG2ZHI1
脑 NAO3
喃 NAN2
#喃葛 NAN2GE2
鸟 NIAO3
#鸟浴 NIAO3YU4
讷 NE4
#讷迪 NE4DI2
#讷都 NE4DU1
#讷哷 NE4LIE4
#讷延 NE4YAN2
聶 NIE4
弄 NONG4
#弄拉 NONG4LA1
辇 NIAN3
挪 NUO2
男 NAN2
难 NAN2
妞 NIU1
女 NV3
呢 NI2
浓 NONG2
耐 NAI4
絮 NA2
碾 NIAN3
寗 NING4
伲 NI2
扭 NIU3
柰 NAI4
糯 NUO4
孽 NIE4
瑙 NAO3
奶 NAI3
淖 NAO4
籾 NI2
凝 NING2
耨 NOU4
哪 NA3
恼 NAO3
霓 NI2
燃 NIAN4
捏 NIE1
臬 NIE4
嫩 NEN4
坭 NI2
艿 NAI3
孬 NAO1
匿 NI4
孥 NA2
逆 NI4
陧 NIE4
睨 NI4
呐 NA4
杻 NIU3
䒜 NIU2
郍 NUO2
懦 NUO4
捺 NA4
嬲 NIAO3
槈 NOU4
孼 NIE4
黏 NIAN2
挠 NAO2
鼐 NAI4
寍 NING2
揑 NIE1
您 NIN2
拏 NA2
哖 NIAN2
伱 NI3
䅶 NOU4
獳 NOU4
迺 NAI4
挐 NA2
囡 NAN1
弇 NAN2
#弇岗 NAN2GANG2
湳 NAN3
峱 NAO2
㑎 NAO3
㨅 NEI4
郳 NI2
㲻 NI4
齧 NIE4
涅 NIE4
掜 NIE4
尿 NIAO4
孃 NIANG2
溺 NI4
能能 NENG2NENG2
蘖齧 NIE4NIE4
虐姆 NVE4MU3
#O
欧 OU1
#欧阳 OU1YANG2
#欧冶 OU1YE3
#欧琪 OU1QI2
#欧其 OU1QI2
#欧羊 OU1YANG2
#欧俟 OU1SI4
#欧侯 OU1HOU2
区 OU1
偶 OU3
#偶能 OU3NENG2
#偶罗 OU3LUO2
#偶琪 OU3QI2
殴 OU1
藕 OU3
鸥 OU1
瓯 OU1
噢 OU1
沤 OU4
讴 OU1
耦 OU3
呕 OU3
#P
彭 PENG2
潘 PAN1
庞 PANG2
裴 PEI2
蒲 PU2
#蒲察 PU2CHA2
#蒲诃 PU2HE1
朴 PIAO2
普 PU3
浦 PU3
平 PING2
皮 PI2
濮 PU2
#濮阳 PU2YANG2
逄 PANG2
蓬 PENG2
盘 PAN2
泮 PAN4
帕 PA4
朋 PENG2
瓮 PEN2
排 PAI2
片 PIAN4
骈 PIAN2
攀 PAN1
邳 PI1
盆 PEN2
鹏 PENG2
培 PEI2
溥 PU3
品 PI3N
厐 PANG2
怕 PA4
飘 PIAO1
批 PI1
跑 PAO3
胖 PANG4
偏 PIAN1
澎 PENG2
苹 PING2
裵 PEI2
牌 PAI2
莆 PU2
坡 POU1
爬 PA2
坪 PING2
葡 PU2
扑 PU1
迫 PO4
仆 PU2
#仆骨 PU2GU3
#仆阑 PU2LAN2
#仆散 PU2SAN3
颇 POU1
派 PAI4
棚 PENG2
粕 PO4
泡 PAO1
萍 PING2
旁 PANG2
冸 PAN4
沛 PEI4
佩 PEI4
铺 PU4
盼 PAN4
破 PO4
#破丑 PO4CHOU3
配 PEI4
票 PIAO4
评 PING2
璞 PU2
疋 PI3
#疋娄 PI3LOU2
捧 PENG3
凭 PING2
漂 PIAO1
尨 PANG2
畔 PAN4
炮 PAO2
菩 PU2
拍 PAI1
郫 PI2
乒 PING1
葩 PA1
贫 PIN2
磐 PAN2
叛 PAN4
篇 PIAN1
瓢 PIAO2
剖 POU1
瓫 PEN2
蟠 PAN2
胚 PEI1
喷 PEN1
裨 PI2
匹 PI3
#匹娄 PI3LOU2
聘 PIN4
郱 PING2
篷 PENG2
籓 PAN1
珮 PEI4
萠 PAN1
礟 PAO4
諀 PI2
泙 PENG1
坌 PEN2
判 PAN4
㬥 PU4
圃 PU3
裒 POU2
叵 PǑ
緐 PO2
泼 POU1
缾 PING2
貔 PI2
鉼 PING2
攴 PU1
哱 PO4
疲 PI2
萢 PAO1
鞄 PAO2
凴 PING2
䧤 PU2
㒒 PU2
縏 PAN2
韸 PENG2
缻 PING2
瓶 PING2
洴 PING2
赔 PEI2
䏽 PU2
掊 PEI2
匏 PAO2
袍 PAO2
庖 PAO2
槃 PAN2
棑 PAI2
俳 PAI2
婆 PO2
#婆衍 PO2YAN3
#婆实 PO2SHI2
#婆施 PO2SHI1
#婆罗 PO2LUO2
鄱 PO2
丕 PI1
棓 PEI2
㯁 PEI2
屏 PING2
牝 PIN4
频 PIN2
骠 PIAO4
骗 PIAN4
罴 PI2
毗 PI2
披 PI1
伾 PI1
倗 PENG2
芃 PENG2
䣙 PEI2
#Q
秦 QIN2
邱 QIU1
覃 QIN2
钱 QIAN2
齐 QI2
乔 QIAO2
祁 QI2
曲 QU1
#曲木 QU1MU4
屈 QU1
全 QUAN2
戚 QI1
瞿 QU2
仇 QIU2
丘 QIU1
权 QUAN2
阙 QUE1
漆 QI1
#漆雕 QI1DIAO1
裘 QIU2
亓 QI2
卿 QING1
璩 QU2
青 QING1
渠 QU2
其 QI2
綦 QI2
谯 QIAO2
郄 QIE4
秋 QIU1
钦 QIN1
庆 QING4
千 QIAN1
杞 QI3
琼 QIONG2
企 QI3
起 QI3
奇 QI2
求 QIU2
切 QIE1
清 QING1
潜 QIAN2
七 QI1
群 QUN2
羌 QIANG2
前 QIAN2
穷 QIONG2
乾 QIAN2
确 QUE4
苘 QING3
骞 QIAN1
祈 QI2
柒 QI1
却 QUE4
岂 QI3
乞 QI3
钤 QIAN2
取 QU3
启 QI3
蘧 QU2
桥 QIAO2
雀 QUE4
浅 QIAN3
期 QI1
琴 QIN2
麴 QU1
岐 QI2
勤 QIN2
墙 QIANG2
泉 QUAN2
恰 QIA4
巧 QIAO3
樵 QIAO2
卻 QUE4
芩 QIN2
轻 QING1
麹 QU1
谦 QIAN1
倾 QING1
邛 QIONG2
侨 QIAO2
锜 QI2
茜 QIAN4
茄 QIE2
錡 QI2
欠 QIAN4
萩 QIU1
朐 QU2
迁 QIAN1
亲 QIN1
琪 QI2
契 QI4
去 QU4
芹 QIN2
顷 QING1
旗 QI2
钳 QIAN2
怯 QIE4
蔳 QIAN4
气 QI4
麒 QI2
癿 QIE2
仟 QIAN1
瞧 QIAO2
阕 QUE4
啟 QI3
斉 QI2
晴 QING2
歧 QI2
犬 QUAN3
區 QU1
琦 QI2
倩 QIAN4
崎 QI2
橋 QIAO2
祺 QI2
斳 QIN2
黔 QIN2
请 QING3
俟 QI2
沁 QIN4
趋 QU1
劝 QUAN4
芊 QIAN1
妾 QIE4
汽 QI4
淇 QI2
籧 QU2
绮 QI3
亐 QU3
懃 QIN2
骑 QI2
畦 QI2
酋 QIU2
缺 QUE1
妻 QI1
示 QI2
情 QING2
蕲 QI2
牵 QIAN1
枪 QIANG2
荞 QIAO2
欺 QI1
禽 QIN2
棋 QI2
耆 QI2
俏 QIAO4
颀 QI2
荃 QUAN2
趄 QIE4
擎 QING2
栖 QI1
硗 QIAO1
拳 QUAN2
铅 QIAN1
器 QI4
洽 QIA4
阡 QIAN1
侵 QIN1
虬 QIU2
#R
任 REN2
饶 RAO2
冉 RAN3
#冉拉 RAN3LA1
#冉夫 RAN3FU1
#冉相 RAN3XIANG4
阮 RUAN3
茹 RU2
#茹莲 RU2LIAN2
#茹连 RU2LIAN2
#茹茹 RU2RU2
#茹罗 RU2LUO2
芮 RUI4
#芮伯 RUI4BO2
容 RONG2
#容城 RONG2CHENG2
#容成 RONG2CHENG2
#容中 RONG2ZHONG1
融 RONG2
#融夷 RONG2YI2
戎 RONG2
#戎子 RONG2ZI3
#戎州 RONG2ZHOU1
#戎胥 RONG2XU1
荣 RONG2
#荣姓 RONG2XING4
#荣成 RONG2CHENG2
#荣伯 RONG2BO2
#荣公 RONG2GONG1
#荣锜 RONG2QI2
#荣叔 RONG2SHU1
#荣启 RONG2QI3
#荣普 RONG2PU3
汝 RU3
#汝斤 RU3JIN1
仁 REN2
#仁佳 REN2JIA1
#仁曾 REN2ZENG1
人 REN2
热 RE4
#热玛 RE4MA3
日 RI4
#日律 RI4LV4
#日中 RI4ZHONG1
瑞 RUI4
若 RUO4
#若姆 RUO4MU3
若干 RE3GAN1
若罗 RE3LUO2
若久 RE3JIU3
若敖 RE3AO2
如 RU2
#如定 RU2DING4
#如雍 RU2YONG1
#如罗 RU2LUO2
#如稽 RU2JI1
#如嵇 RU2JI1
让 RANG4
闰 RUN4
肉 ROU4
染 RAN3
#染女 RAN3NV3
绕 RAO3
柔 ROU2
肜 RONG2
#肜鱼 RONG2YU2
#肜城 RONG2CHENG2
壬 REN2
润 RUN4
茸 RONG2
然 RAN2
惹 RE3
#惹几 RE3JI3
#惹各 RE3GE4
绒 RONG2
软 RUAN3
穰 RANG2
#穰结 RANG2JIE2
壤 RANG3
#壤驷 RANG3SI4
入 RU4
褥 RU4
认 REN4
蓉 RONG2
锐 RUI4
忍 REN3
宍 ROU4
荏 REN3
娆 RAO3
苒 RAN3
儒 RU2
#儒李 RU2LI3
榕 RONG2
韧 REN4
冗 RONG3
仍 RENG2
弱 RUO4
濡 RU2
扰 RAO3
#扰龙 RAO3LONG2
刃 REN4
偌 RE4
纫 REN4
辱 RU3
蕊 RUI3
髯 RAN2
乳 RU3
閠 RUN4
䒤 RI4
嵘 RONG2
熔 RONG2
偄 RU2
傉 RU3
#傉檀 RU3TAN2
溽 RU4
蚋 RUI4
礽 RENG2
冄 RAN3
葇 ROU2
喏 RE3
蚦 RAN2
鄀 RUO4
肰 RAN2
攘 RANG3
妊 REN4
扔 RENG1
茙 RONG2
#茙春 RONG2CHUN1
#茙眷 RONG2JUAN4
狨 RONG2
䧷 RONG2
孺 RU2
#孺子 RU2ZI3
鄏 RU3
蓐 RU4
蠕蠕 RU4RU4
#S
孙 SUN1
宋 SONG4
苏 SU1
沈 SHEN3
石 SHI2
史 SHI3
邵 SHAO4
施 SHI1
申 SHEN1
#申屠 SHEN1TU2
尚 SHANG4
单 SHAN4
舒 SHU1
盛 SHENG4
时 SHI2
司 SI1
#司马 SI1MA3
#司徒 SI1TU2
#司空 SI1KONG1
#司寇 SI1KOU4
沙 SHA1
隋 SUI2
商 SHANG2
师 SHI1
桑 SANG2
佘 SHE2
索 SUO3
#索朗 SUO3LANG3
水 SHUI3
松 SONG1
山 SHAN1
寿 SHOU4
帅 SHUAI4
宿 SU4
双 SHUANG2
粟 SU4
韶 SHAO2
殳 SHU1
慎 SHEN4
厍 SHE4
莘 SHEN1
斯 SI1
赏 SHANG3
上 SHANG4
#上官 SHANG4GUAN1
税 SHUI4
侍 SHI4
赛 SAI4
生 SHENG1
萨 SA4
随 SUI2
眭 SUI1
市 SHI4
三 SAN1
折 SHE2
思 SI1
圣 SHENG4
锁 SUO3
睢 SUI1
撒 SA1
闪 SHAN3
绳 SHENG2
森 SEN1
胜 SHENG4
四 SI4
陕 SHAN3
树 SHU4
神 SHEN2
所 SUO3
色 SE4
叔 SHU1
绍 SHAO4
疏 SHU1
莎 SHA1
佀 SI4
是 SHI4
善 SHAN4
伞 SAN3
剡 SHAN4
首 SHOU3
省 SHENG3
舍 SHE4
顺 SHUN4
社 SHE4
拾 SHI2
杉 SHAN1
释 SHI4
散 SAN3
卲 SHAO4
参 SHEN1
淑 SHU1
速 SHU4
仕 SHI4
矢 SHI3
匙 SHI2
世 SHI4
寺 SI4
少 SHAO4
岁 SUI4
深 SHEN1
术 SHU4
厦 SHA4
素 SU4
洒 SA3
召 SHAO4
守 SHOU3
辻 SHI
僧 SENG1
叁 SAN1
塞 SAI4
鄯 SHAN4
说 SHUOU1
耍 SHUA3
姒 SI4
曙 SHU3
书 SHU1
什 SHI2
十 SHI2
士 SHI4
扫 SAO3
受 SHOU4
嵩 SONG1
珊 SHAN1
穗 SUI4
硕 SHUO4
尙 SHANG4
梭 SUOU1
送 SONG4
晒 SHAI4
柿 SHI4
啥 SHA4
戍 SHU4
劭 SHAO4
手 SHOU3
笙 SHENG1
实 SHI2
算 SUAN4
审 SHEN3
室 SHI4
扇 SHAN4
适 SHI4
诗 SHI1
薮 SOU3
身 SHEN1
涉 SHE4
摄 SHE4
砂 SHA1
刷 SHUA1
升 SHENG1
栓 SHUAN1
勝 SHENG4
肃 SU4
射 SHE4
榊 SHEN2
丝 SI1
霜 SHUANG2
涩 SE4
蘇 SU1
孫 SUN1
数 SHU4
#T
唐 TANG2
田 TIAN2
谭 TAN2
陶 TAO2
汤 TANG2
涂 TU2
童 TONG2
滕 TENG2
谈 TAN2
佟 TONG2
#佟佳 TONG2JIA1
屠 TU2
邰 TAI2
仝 TONG2
通 TONG1
腾 TENG2
檀 TAN2
铁 TIE3
台 TAI2
庹 TUO3
太 TAI4
#太叔 TAI4SHU1
#太史 TAI4SHI3
拓 TUO4
#拓跋 TUO4BA2
同 TONG2
塔 TA3
图 TU2
天 TIAN1
潭 TAN2
土 TU3
凃 TU2
妥 TUO3
藤 TENG2
泰 TAI4
特 TE4
脱 TUOU1
钭 TOU3
帖 TIE1
托 TUOU1
吐 TU3
提 TI2
遆 TI1
陀 TUO2
他 TA1
徒 TU2
投 TOU2
澹 TAN2
#澹台 TAN2TAI2
庭 TING2
桃 TAO2
拖 TUOU1
团 TUAN2
题 TI2
吞 TUN1
淘 TAO2
它 TA1
套 TAO4
樋 TONG1
添 TIAN1
沓 TA4
堂 TANG2
縢 TENG2
塘 TANG2
头 TOU2
倘 TANG3
笹 TI4
佗 TA1
畑 TIAN2
体 TI3
贴 TIE1
桐 TONG2
郯 TAN2
涛 TAO1
屯 TUN2
筒 TONG3
坦 TAN3
她 TA1
禢 TA4
坛 TAN2
推 TUI1
彤 TONG2
驼 TUO2
婷 TING2
铜 TONG2
梯 TI1
町 TING3
途 TU2
褟 TA1
肽 TAI4
兔 TU4
塗 TU2
湯 TANG2
听 TING1
甜 TIAN2
譚 TAN2
廷 TING2
棠 TANG2
榻 TA4
茼 TONG2
突 TU1
弹 TAN2
烫 TANG4
昙 TAN2
糖 TANG2
条 TIAO2
统 TONG3
汀 TING1
趟 TANG4
厅 TING1
滩 TAN1
逃 TAO2
桶 TONG3
退 TUI4
潼 TONG2
僮 TONG2
调 TIAO2
苔 TAI2
炭 TAN4
秃 TU1
荼 TU2
抬 TAI2
挑 TIAO1
橐 TUO2
填 TIAN2
橝 TAN2
停 TING2
踏 TA4
替 TI4
恬 TIAN2
暾 TUN1
胎 TAI1
缇 TI2
惕 TI4
亭 TING2
塌 TA1
韬 TAO1
讨 TAO3
跳 TIAO4
偷 TOU1
透 TOU4
驮 TUO2
探 TAN4
逖 TI4
啼 TI2
摊 TAN1
杔 TUOU1
邒 TING2
虅 TENG2
籐 TENG2
坨 TUO2
溻 TA1
蹋 TA4
骀 TAI2
汰 TAI4
痰 TAN2
歎 TAN4
搪 TANG2
淌 TANG3
傥 TANG3
#W
王 WANG2
#王孙 WANG2SUN1
吴 WU2
魏 WEI4
汪 WANG2
韦 WEI2
武 WU3
伍 WU3
万 WAN4
温 WEN1
文 WEN2
翁 WENG1
卫 WEI4
邬 WU1
巫 WU1
#巫马 WU1MA3
危 WEI1
闻 WEN2
#闻人 WEN2REN2
乌 WU1
蔚 WEI4
尉 WEI4
毋 WU2
沃 WO4
位 WEI4
宛 WAN3
未 WEI4
旺 WANG4
仵 WU3
无 WU2
望 WANG4
吾 WU2
伟 WEI3
问 WEN4
五 WU3
瓦 WA3
威 WEI1
巍 WEI1
维 WEI2
物 WU4
委 WEI3
汶 WEN4
兀 WU4
晚 WAN3
外 WAI4
务 WU4
尾 WEI3
丸 WAN2
弯 WAN1
午 WU3
卧 WO4
哇 WA1
为 WEI2
雯 WEN2
梶 WEI3
峗 WEI1
梧 WU2
碗 WAN3
窝 WOU1
唯 WEI2
勿 WU4
微 WEI1
#微生 WEI1SHENG1
网 WANG3
湾 WAN1
枉 WANG3
稳 WEN1
吳 WU2
我 WǑ
娃 WA2
慰 WEI4
挖 WA1
仼 WANG2
完颜 WAN2YAN2
渭 WEI4
皖 WAN3
忘 WANG4
歪 WAI1
屋 WU1
忤 WU3
苇 WEI3
溫 WEN1
往 WANG3
罔 WANG3
窪 WA1
误 WU4
鄔 WU1
玩 WAN2
婉 WAN3
玮 WEI3
悟 WU4
菀 WAN3
隈 WEI1
渥 WO4
炜 WEI3
惟 WEI2
纬 WEI3
舞 WU3
莴 WOU1
薇 WEI1
围 WEI2
戊 WU4
甕 WENG4
倭 WOU1
斡 WO4
伪 WEI3
胃 WEI4
违 WEI2
芜 WU2
阌 WEN2
衞 WEI4
帷 WEI2
娲 WA1
亡 WANG2
握 WO4
晤 WU4
雾 WU4
迕 WU3
俉 WU4
桅 WEI2
顽 WAN2
谓 WEI4
蕹 WENG4
悮 WU4
佤 WA3
涴 WAN3
娩 WAN3
腕 WAN4
䨲 WAN4
忹 WANG3
琞 WANG4
萎 WEI1
嵬 WEI2
寪 WEI3
蒍 WEI3
䦱 WEI2
芛 WEI3
䓕 WEI3
骪 WEI3
骫 WEI3
畏 WEI4
纹 WEN2
偓 WO4
呜 WU1
诬 WU1
郚 WU2
浯 WU2
杌 WU4
寤 WU4
隖 WU4
潕 WU3
窊 WA1
嗢 WA4
翫 WAN2
尫 WANG2
尪 WANG2
㵟 WEI1
椲 WEI3
舋 WEN4
橆 WU2
#X
徐 XU2
谢 XIE4
许 XU3
肖 XIAO1
夏 XIA4
#夏侯 XIA4HOU2
熊 XIONG2
薛 XUE1
萧 XIAO1
向 XIANG4
邢 XING2
辛 XIN1
冼 XIAN3
解 XIE4
项 XIANG4
席 XI2
宣 XUAN1
奚 XI1
胥 XU1
西 XI1
#西门 XI1MEN2
习 XI2
郗 XI1
相 XIANG4
#相里 XIANG2LI3
荀 XUN2
修 XIU1
幸 XING4
咸 XIAN2
鲜 XIAN1
#鲜于 XIAN1YU2
须 XU1
信 XIN4
轩 XUAN1
#轩辕 XUAN1YUAN2
刑 XING2
玄 XUAN2
小 XIAO3
续 XU4
忻 XIN1
先 XIAN1
晓 XIAO3
禤 XUAN1
雪 XUE3
新 XIN1
香 XIANG2
县 XIAN4
寻 XUN2
秀 XIU4
线 XIAN4
吁 XU1
喜 XI3
星 XING1
兴 XING1
校 XIAO4
袭 XI2
乡 XIANG2
贤 XIAN2
仙 XIAN1
呷 XIA1
希 XI1
俆 XU2
孝 XIAO4
学 XUE2
下 XIA4
欣 XIN1
锡 XI1
绪 XU4
旭 XU4
雄 XIONG2
洗 XI3
息 XI1
旋 XUAN2
顼 XU1
葸 XI3
羡 XIAN4
缐 XIAN4
姓 XING4
效 XIAO4
筱 XIAO3
郤 XI4
心 XIN1
杏 XING4
昔 XI1
细 XI4
溪 XI1
笑 XIAO4
偰 XIE4
宪 XIAN4
祥 XIANG2
郉 XING2
铉 XUAN4
霞 XIA2
闲 XIAN2
隰 XI2
穴 XUE2
鑫 XIN1
潇 XIAO1
箫 XIAO1
翔 XIANG2
侠 XIA2
血 XUE4
篠 XIAO3
霰 XIAN4
湘 XIANG2
畜 XU4
消 XIAO1
协 XIE2
線 XIAN4
莦 XIAO1
形 XING2
佡 XUAN1
系 XI4
象 XIANG4
戌 XU1
許 XU3
伭 XUAN2
旬 XUN2
写 XIE3
现 XIAN4
选 XUAN3
倖 XING4
献 XIAN4
休 XIU1
显 XIAN3
兄 XIONG1
犀 XI1
昕 XIN1
些 XIE1
夕 XI1
馨 XIN1
襄 XIANG2
榭 XIE4
霄 XIAO1
陷 XIAN4
虾 XIA1
序 XU4
謝 XIE4
懈 XIE4
宵 XIAO1
叙 XU4
脇 XIE2
稀 XI1
斜 XIE2
踅 XUE2
需 XU1
熙 XI1
萱 XUAN1
邪 XIE2
箱 XIANG2
薪 XIN1
効 XIAO4
想 XIANG3
胁 XIE2
限 XIAN4
析 XI1
苋 XIAN4
巽 XUN4
勋 XUN1
狭 XIA2
#Y
杨 YANG2
袁 YUAN2
余 YU2
于 YU2
叶 YE4
姚 YAO2
尹 YI3N
闫 YAN2
严 YAN2
阎 YAN2
殷 YIN1
易 YI4
颜 YAN2
岳 YUE4
顔 YAN2
俞 YU2
游 YOU2
尤 YOU2
喻 YU4
应 YING1
阳 YANG2
晏 YAN4
郁 YU4
虞 YU2
伊 YI1
燕 YAN1
原 YUAN2
禹 YU3
云 YUN2
苑 YUAN4
仰 YANG3
鄢 YAN1
羊 YANG2
元 YUAN2
衣 YI1
雍 YONG1
於 YU1
岩 YAN2
阴 YIN1
养 YANG3
玉 YU4
羿 YI4
益 YI4
越 YUE4
由 YOU2
银 YIN2
冶 YE3
宇 YU3
#宇文 YU3WEN2
庾 YU3
尧 YAO2
延 YAN2
鱼 YU2
扬 YANG2
依 YI1
英 YING1
永 YONG3
要 YAO1
亚 YA4
言 YAN2
央 YANG2
员 YUN4
仪 YI2
恽 YUN4
贠 YUN4
印 YIN4
运 YUN4
远 YUAN3
义 YI4
焉 YAN1
弋 YI4
牙 YA2
野 YE3
勇 YONG3
雅 YA3
药 YUE4
拥 YONG1
宜 YI2
彦 YAN4
犹 YOU2
矣 YI3
遇 YU4
月 YUE4
院 YUAN4
营 YING2
艳 YAN4
奕 YI4
乙 YI3
裔 YI4
业 YE4
宴 YAN4
有 YOU3
油 YOU2
攸 YOU1
约 YUE1
蚁 YI3
悦 YUE4
一 YI1
鄞 YIN2
盈 YING2
友 YOU3
夷 YI2
洋 YANG2
幺 YAO1
源 YUAN2
雨 YU3
郧 YUN2
音 YIN1
貟 YUN4
羽 YU3
韵 YUN4
秧 YANG2
烟 YAN1
怡 YI2
炎 YAN2
夜 YE4
押 YA1
翼 YI4
也 YE3
迂 YU1
迎 YING2
允 YUN3
移 YI2
庸 YONG1
扆 YI3
尢 YOU2
酉 YOU3
訚 YIN2
以 YI3
优 YOU1
崖 YA2
毓 YU4
楊 YANG2
用 YONG4
渊 YUAN1
亦 YI4
樱 YING1
腰 YAO1
邮 YOU2
圆 YUAN2
赢 YING2
耶 YE1
盐 YAN2
艺 YI4
夭 YAO1
嬴 YING2
佑 YOU4
誉 YU4
轧 YA4
尉迟 YU4CHI2
耀 YAO4
园 YUAN2
因 YIN1
意 YI4
咏 YONG3
演 YAN3
乐正 YUE4ZHENG4
邑 YI4
葉 YE4
亿 YI4
#Z
张 ZHANG2
赵 ZHAO4
周 ZHOU1
朱 ZHU1
郑 ZHENG4
曾 ZENG1
钟 ZHONG1
邹 ZOU1
庄 ZHUANG2
翟 ZHAI2
章 ZHANG2
祝 ZHU4
左 ZUO3
#左丘 ZUO3QIU1
詹 ZHAN1
占 ZHAN1
卓 ZHUOU1
臧 ZANG2
甄 ZHEN1
仲 ZHONG4
#仲孙 ZHONG4SUN1
植 ZHI2
诸 ZHU1
#诸葛 ZHU1GE3
宗 ZONG1
#宗政 ZONG1ZHENG4
祖 ZU3
支 ZHI1
湛 ZHAN4
訾 ZI1
昝 ZAN3
竺 ZHU2
战 ZHAN4
锺 ZHONG1
子 ZI3
#子车 ZI3CHE1
终 ZHONG1
宰 ZAI3
#宰父 ZAI3FU3
智 ZHI4
扎 ZHA1
#扎西 ZHA1XI1
展 ZHAN3
正 ZHENG4
自 ZI4
字 ZI4
泽 ZE2
招 ZHAO1
竹 ZHU2
中 ZHONG1
资 ZI1
佐 ZUO3
职 ZHI2
仉 ZHANG3
禇 ZHE3
郅 ZHI4
禚 ZHUO2
肇 ZHAO4
昃 ZE4
纵 ZONG4
志 ZHI4
镇 ZHEN4
衷 ZHONG1
俎 ZU3
者 ZHE3
主 ZHU3
政 ZHENG4
增 ZENG1
珠 ZHU1
真 ZHEN1
征 ZHENG1
传 ZHUAN4
紫 ZI3
照 ZHAO4
只 ZHI3
早 ZAO3
壮 ZHUANG4
迮 ZE2
知 ZHI1
忠 ZHONG1
掌 ZHANG3
荘 ZHUANG2
颛 ZHUAN1
#颛孙 ZHUAN1SUN1
皱 ZHOU4
邾 ZHU1
莊 ZHUANG2
则 ZE2
钊 ZHAO1
糟 ZAO1
治 ZHI4
赞 ZAN4
兆 ZHAO4
芷 ZHI3
珍 ZHEN1
哲 ZHE2
直 ZHI2
曽 ZENG1
昭 ZHAO1
張 ZHANG2
足 ZU2
柘 ZHE4
振 ZHEN4
作 ZUO4
再 ZAI4
甑 ZENG1
站 ZHAN4
载 ZAI4
桌 ZHUOU1
塚 ZHONG3
旃 ZHAN1
遵 ZUN1
绽 ZHAN4
趙 ZHAO4
踪 ZONG1
追 ZHUI1
阵 ZHEN4
芝 ZHI1
专 ZHUAN1
州 ZHOU1
长孙 ZHANG3SUN1
住 ZHU4
梓 ZI3
鈡 ZHONG1
孜 ZI1
尊 ZUN1
针 ZHEN1
斋 ZHAI1
找 ZHAO3
涨 ZHANG4
总 ZONG3
陟 ZHI4
闸 ZHA2
暂 ZAN4
沼 ZHAO3
转 ZHUAN3
猪 ZHU1
着 ZHU4
枣 ZAO3
姫 ZHEN3
助 ZHU4
在 ZAI4
舟 ZHOU1
走 ZOU3
杂 ZA2
庒 ZHUANG2
窄 ZHAI3
畠 ZAI1
彰 ZHANG2
纸 ZHI3
贞 ZHEN1
寨 ZHAI4
乍 ZHA4
咱 ZAN2
奏 ZOU4
执 ZHI2
枝 ZHI1
鄭 ZHENG4
坐 ZUO4
震 ZHEN4